#-----------------------------------------------------------
# Vivado v2023.1 (64-bit)
# SW Build 3865809 on Sun May  7 15:05:29 MDT 2023
# IP Build 3864474 on Sun May  7 20:36:21 MDT 2023
# SharedData Build 3865790 on Sun May 07 13:33:03 MDT 2023
# Start of session at: Fri Sep 19 12:57:25 2025
# Process ID: 34912
# Current directory: C:/Users/AweisMulla/XDMA_DDR/XDMA_DDR.runs/XDMA_PS_DDR_processing_system7_0_0_synth_1
# Command line: vivado.exe -log XDMA_PS_DDR_processing_system7_0_0.vds -product Vivado -mode batch -messageDb vivado.pb -notrace -source XDMA_PS_DDR_processing_system7_0_0.tcl
# Log file: C:/Users/AweisMulla/XDMA_DDR/XDMA_DDR.runs/XDMA_PS_DDR_processing_system7_0_0_synth_1/XDMA_PS_DDR_processing_system7_0_0.vds
# Journal file: C:/Users/AweisMulla/XDMA_DDR/XDMA_DDR.runs/XDMA_PS_DDR_processing_system7_0_0_synth_1\vivado.jou
# Running On: awies-desktop, OS: Windows, CPU Frequency: 3610 MHz, CPU Physical cores: 12, Host memory: 68323 MB
#-----------------------------------------------------------
source XDMA_PS_DDR_processing_system7_0_0.tcl -notrace
